[INFO] Scanning for projects...
[INFO] 
[INFO] ----------------------< com.jlwl:springboot4x1c2 >----------------------
[INFO] Building springboot-schema 0.0.1-SNAPSHOT
[INFO] --------------------------------[ jar ]---------------------------------
Downloading from central: https://repo.maven.apache.org/maven2/org/apache/maven/plugins/maven-clean-plugin/3.1.0/maven-clean-plugin-3.1.0.pom
Progress (1): 4.1 kB
Progress (1): 5.2 kB
                    
Downloaded from central: https://repo.maven.apache.org/maven2/org/apache/maven/plugins/maven-clean-plugin/3.1.0/maven-clean-plugin-3.1.0.pom (5.2 kB at 4.5 kB/s)
Downloading from java.net.Releases: https://maven.java.net/content/repositories/releases/org/glassfish/javax.el/maven-metadata.xml
Downloading from jvnet-nexus-snapshots: https://maven.java.net/content/repositories/snapshots/org/glassfish/javax.el/maven-metadata.xml
[WARNING] Could not transfer metadata org.glassfish:javax.el/maven-metadata.xml from/to java.net.Releases (https://maven.java.net/content/repositories/releases): PKIX path validation failed: java.security.cert.CertPathValidatorException: validity check failed
[WARNING] Could not transfer metadata org.glassfish:javax.el/maven-metadata.xml from/to jvnet-nexus-snapshots (https://maven.java.net/content/repositories/snapshots): PKIX path validation failed: java.security.cert.CertPathValidatorException: validity check failed
[INFO] 
[INFO] --- maven-clean-plugin:3.1.0:clean (default-clean) @ springboot4x1c2 ---
[INFO] Deleting D:\springboot4x1c2\target
[INFO] 
[INFO] --- maven-resources-plugin:3.1.0:resources (default-resources) @ springboot4x1c2 ---
[INFO] Using 'UTF-8' encoding to copy filtered resources.
[INFO] Copying 425 resources
[INFO] 
[INFO] --- maven-compiler-plugin:3.8.1:compile (default-compile) @ springboot4x1c2 ---
[INFO] Changes detected - recompiling the module!
[INFO] Compiling 109 source files to D:\springboot4x1c2\target\classes
[INFO] /D:/springboot4x1c2/src/main/java/com/utils/BaiduUtil.java: 某些输入文件使用或覆盖了已过时的 API。
[INFO] /D:/springboot4x1c2/src/main/java/com/utils/BaiduUtil.java: 有关详细信息, 请使用 -Xlint:deprecation 重新编译。
[INFO] /D:/springboot4x1c2/src/main/java/com/controller/DimingController.java: 某些输入文件使用或覆盖了标记为待删除的已过时 API。
[INFO] /D:/springboot4x1c2/src/main/java/com/controller/DimingController.java: 有关详细信息, 请使用 -Xlint:removal 重新编译。
[INFO] /D:/springboot4x1c2/src/main/java/com/controller/DimingController.java: 某些输入文件使用了未经检查或不安全的操作。
[INFO] /D:/springboot4x1c2/src/main/java/com/controller/DimingController.java: 有关详细信息, 请使用 -Xlint:unchecked 重新编译。
[INFO] ------------------------------------------------------------------------
[INFO] BUILD SUCCESS
[INFO] ------------------------------------------------------------------------
[INFO] Total time:  29.918 s
[INFO] Finished at: 2026-04-07T22:11:07+08:00
[INFO] ------------------------------------------------------------------------
